// Jest Snapshot v1, https://goo.gl/fbAQLP

exports[`Search test Search should match snapshot 1`] = `
<div
  className="makeStyles-toolbar-1"
>
  <nav
    className="MuiToolbar-root MuiToolbar-dense makeStyles-toolbarSecondary-3 MuiToolbar-gutters"
  >
    <div
      className="makeStyles-search-8"
    >
      <div
        className="makeStyles-searchIcon-9"
      >
        <svg
          aria-hidden={true}
          className="MuiSvgIcon-root"
          focusable="false"
          viewBox="0 0 24 24"
        >
          <path
            d="M15.5 14h-.79l-.28-.27C15.41 12.59 16 11.11 16 9.5 16 5.91 13.09 3 9.5 3S3 5.91 3 9.5 5.91 16 9.5 16c1.61 0 3.09-.59 4.23-1.57l.27.28v.79l5 4.99L20.49 19l-4.99-5zm-6 0C7.01 14 5 11.99 5 9.5S7.01 5 9.5 5 14 7.01 14 9.5 11.99 14 9.5 14z"
          />
        </svg>
      </div>
      <div
        className="MuiInputBase-root makeStyles-inputRoot-10"
        onClick={[Function]}
      >
        <input
          aria-label="Search dog breds"
          className="MuiInputBase-input makeStyles-inputInput-11"
          onAnimationStart={[Function]}
          onBlur={[Function]}
          onChange={[Function]}
          onFocus={[Function]}
          placeholder="Search dog breds"
          type="text"
        />
      </div>
    </div>
  </nav>
</div>
`;
